Archive member included to satisfy reference by file (symbol)

./build/open_esplibs_libmain.a(timers.o)
                              (--whole-archive)
./build/open_esplibs_libmain.a(ets_timer.o)
                              (--whole-archive)
./build/open_esplibs_libmain.a(spi_flash.o)
                              (--whole-archive)
./build/open_esplibs_libmain.a(os_cpu_a.o)
                              (--whole-archive)
./build/open_esplibs_libmain.a(uart.o)
                              (--whole-archive)
./build/open_esplibs_libmain.a(misc.o)
                              (--whole-archive)
./build/open_esplibs_libmain.a(user_interface.o)
                              (--whole-archive)
./build/open_esplibs_libmain.a(xtensa_context.o)
                              (--whole-archive)
./build/open_esplibs_libnet80211.a(ieee80211_hostap.o)
                              (--whole-archive)
./build/open_esplibs_libnet80211.a(wl_cnx.o)
                              (--whole-archive)
./build/open_esplibs_libnet80211.a(ieee80211_ets.o)
                              (--whole-archive)
./build/open_esplibs_libnet80211.a(ieee80211_input.o)
                              (--whole-archive)
./build/open_esplibs_libnet80211.a(ieee80211_sta.o)
                              (--whole-archive)
./build/open_esplibs_libphy.a(phy_chip_v6.o)
                              (--whole-archive)
./build/open_esplibs_libphy.a(phy.o)
                              (--whole-archive)
./build/open_esplibs_libphy.a(phy_sleep.o)
                              (--whole-archive)
./build/open_esplibs_libpp.a(pm.o)
                              (--whole-archive)
./build/open_esplibs_libpp.a(if_hwctrl.o)
                              (--whole-archive)
./build/open_esplibs_libpp.a(pp.o)
                              (--whole-archive)
./build/open_esplibs_libpp.a(esf_buf.o)
                              (--whole-archive)
./build/open_esplibs_libpp.a(lmac.o)
                              (--whole-archive)
./build/open_esplibs_libpp.a(wdev.o)
                              (--whole-archive)
./build/open_esplibs_libwpa.a(os_xtensa.o)
                              (--whole-archive)
./build/open_esplibs_libwpa.a(wpa_main.o)
                              (--whole-archive)
./build/freertos.a(tasks.o)   ./build/open_esplibs_libmain.a(os_cpu_a.o) (pxCurrentTCB)
./build/freertos.a(timers.o)  ./build/freertos.a(tasks.o) (xTimerCreateTimerTask)
./build/freertos.a(port.o)    ./build/freertos.a(tasks.o) (vAssertCalled)
./build/freertos.a(queue.o)   ./build/freertos.a(timers.o) (xQueueGenericCreate)
./build/freertos.a(list.o)    ./build/freertos.a(tasks.o) (vListInitialise)
./build/lwip.a(sys_arch.o)    ./build/open_esplibs_libmain.a(user_interface.o) (sys_lock_tcpip_core)
./build/lwip.a(esp_interface.o)
                              ./build/open_esplibs_libnet80211.a(ieee80211_input.o) (ethernetif_input)
./build/lwip.a(tcpip.o)       ./build/open_esplibs_libnet80211.a(ieee80211_hostap.o) (tcpip_input)
./build/lwip.a(mem.o)         ./build/lwip.a(tcpip.o) (mem_free)
./build/lwip.a(init.o)        ./build/lwip.a(tcpip.o) (lwip_init)
./build/lwip.a(memp.o)        ./build/lwip.a(init.o) (memp_init)
./build/lwip.a(timeouts.o)    ./build/lwip.a(init.o) (sys_timeouts_init)
./build/lwip.a(dns.o)         ./build/lwip.a(init.o) (dns_init)
./build/lwip.a(def.o)         ./build/lwip.a(esp_interface.o) (lwip_htons)
./build/lwip.a(tcp.o)         ./build/lwip.a(init.o) (tcp_init)
./build/lwip.a(pbuf.o)        ./build/open_esplibs_libnet80211.a(ieee80211_input.o) (pbuf_alloc_reference)
./build/lwip.a(netif.o)       ./build/lwip.a(init.o) (netif_init)
./build/lwip.a(udp.o)         ./build/lwip.a(init.o) (udp_init)
./build/lwip.a(tcp_out.o)     ./build/lwip.a(tcp.o) (tcp_split_unsent_seg)
./build/lwip.a(ip4_frag.o)    ./build/lwip.a(timeouts.o) (ip_reass_tmr)
./build/lwip.a(dhcp.o)        ./build/lwip.a(netif.o) (dhcp_network_changed)
./build/lwip.a(etharp.o)      ./build/lwip.a(netif.o) (etharp_cleanup_netif)
./build/lwip.a(ip4_addr.o)    ./build/lwip.a(udp.o) (ip4_addr_isbroadcast_u32)
./build/lwip.a(igmp.o)        ./build/lwip.a(init.o) (igmp_init)
./build/lwip.a(ip4.o)         ./build/lwip.a(tcp.o) (ip4_route)
./build/lwip.a(icmp.o)        ./build/lwip.a(ip4.o) (icmp_input)
./build/lwip.a(ethernet.o)    ./build/lwip.a(etharp.o) (ethbroadcast)
./build/lwip.a(tcp_in.o)      ./build/lwip.a(tcp.o) (tcp_input_pcb)
./build/lwip.a(ip.o)          ./build/lwip.a(udp.o) (ip_data)
./build/lwip.a(inet_chksum.o)
                              ./build/lwip.a(udp.o) (ip_chksum_pseudo)
./build/core.a(esp_interrupts.o)
                              ./build/open_esplibs_libmain.a(ets_timer.o) (_xt_isr_attach)
./build/core.a(app_main.o)    ./build/open_esplibs_libmain.a(user_interface.o) (sdk_user_init_flag)
./build/core.a(sdk_compat.o)  ./build/open_esplibs_libnet80211.a(ieee80211_hostap.o) (zalloc)
./build/core.a(sysparam.o)    ./build/core.a(app_main.o) (sysparam_init)
[...]
Memory Configuration

Name             Origin             Length             Attributes
dport0_0_seg     0x000000003ff00000 0x0000000000000010
dram0_0_seg      0x000000003ffe8000 0x0000000000014000
iram1_0_seg      0x0000000040100000 0x0000000000008000
irom0_0_seg      0x0000000040202010 0x00000000000fdff0
*default*        0x0000000000000000 0xffffffffffffffff

Linker script and memory map

LOAD ./build/open_esplibs_libmain.a
LOAD ./build/open_esplibs_libnet80211.a
LOAD ./build/open_esplibs_libphy.a
LOAD ./build/open_esplibs_libpp.a
LOAD ./build/open_esplibs_libwpa.a
START GROUP
LOAD ./build/program.a
LOAD ./build/paho_mqtt_c.a
LOAD ./build/freertos.a
LOAD ./build/lwip.a
LOAD ./build/core.a
LOAD ./build/open_esplibs.a
LOAD ./build/libgcc.a
LOAD ./build/libc.a
LOAD /home/diego/Desktop/esp-open-sdk/xtensa-lx106-elf/xtensa-lx106-elf/sysroot/usr/lib/libhal.a
LOAD ./build/sdklib/libmain.a
LOAD ./build/sdklib/libnet80211.a
LOAD ./build/sdklib/libphy.a
LOAD ./build/sdklib/libpp.a
LOAD ./build/sdklib/libwpa.a
END GROUP
                0x00000000401058d0                pvPortMalloc = malloc
                0x00000000401058ec                vPortFree = free
                0x0000000040105c08                ets_printf = printf
                [!provide]                        PROVIDE (_memmap_vecbase_reset, 0x40000000)
                0x0000000000000110                _memmap_cacheattr_wb_base = 0x110
                0x0000000000000110                _memmap_cacheattr_wt_base = 0x110
                0x0000000000000220                _memmap_cacheattr_bp_base = 0x220
                0x00000000fffff00f                _memmap_cacheattr_unused_mask = 0xfffff00f
                0x000000002222211f                _memmap_cacheattr_wb_trapnull = 0x2222211f
                0x000000002222211f                _memmap_cacheattr_wba_trapnull = 0x2222211f
                0x000000002222211f                _memmap_cacheattr_wbna_trapnull = 0x2222211f
                0x000000002222211f                _memmap_cacheattr_wt_trapnull = 0x2222211f
                0x000000002222222f                _memmap_cacheattr_bp_trapnull = 0x2222222f
                0x00000000fffff11f                _memmap_cacheattr_wb_strict = 0xfffff11f
                0x00000000fffff11f                _memmap_cacheattr_wt_strict = 0xfffff11f
                0x00000000fffff22f                _memmap_cacheattr_bp_strict = 0xfffff22f
                0x0000000022222112                _memmap_cacheattr_wb_allvalid = 0x22222112
                0x0000000022222112                _memmap_cacheattr_wt_allvalid = 0x22222112
                0x0000000022222222                _memmap_cacheattr_bp_allvalid = 0x22222222
                [!provide]                        PROVIDE (_memmap_cacheattr_reset, _memmap_cacheattr_wb_trapnull)

.dport0.rodata  0x000000003ff00000        0x0
                0x000000003ff00000                _dport0_rodata_start = ABSOLUTE (.)
 *(.dport0.rodata)
 *(.dport.rodata)
                0x000000003ff00000                _dport0_rodata_end = ABSOLUTE (.)

.dport0.literal
                0x000000003ff00000        0x0
                0x000000003ff00000                _dport0_literal_start = ABSOLUTE (.)
 *(.dport0.literal)
 *(.dport.literal)
                0x000000003ff00000                _dport0_literal_end = ABSOLUTE (.)

.dport0.data    0x000000003ff00000        0x0
                0x000000003ff00000                _dport0_data_start = ABSOLUTE (.)
 *(.dport0.data)
 *(.dport.data)
                0x000000003ff00000                _dport0_data_end = ABSOLUTE (.)

.text           0x0000000040100000     0x6ac6
                0x0000000040100000                _stext = .
                0x0000000040100000                _text_start = ABSOLUTE (.)
                0x0000000040100000                . = ALIGN (0x10)
 *(.vecbase.text)
 .vecbase.text  0x0000000040100000      0x3b2 ./build/core.a(exception_vectors.o)
                0x0000000040100000                VecBase
                0x000000004010023c                call_user_start
                0x000000004010039e                _xt_user_exit
 *(.entry.text)
 *(.init.literal)
 *(.init)
 *(.iram1.*)
 *fill*         0x00000000401003b2        0x2 
 .iram1.text    0x00000000401003b4       0x4b ./build/open_esplibs_libmain.a(ets_timer.o)
                                         0x4f (size before relaxing)
 *fill*         0x00000000401003ff        0x1 
 .iram1.text    0x0000000040100400      0x3a8 ./build/open_esplibs_libmain.a(spi_flash.o)
                                        0x478 (size before relaxing)
                0x0000000040100428                sdk_SPIReadModeCnfig
                0x00000000401004a8                sdk_SPIWrite
                0x0000000040100568                sdk_SPIRead
                0x0000000040100598                sdk_SPIEraseSector
                0x00000000401005f8                sdk_spi_flash_get_id
                0x0000000040100654                sdk_spi_flash_read_status
                0x0000000040100694                sdk_spi_flash_write_status
                0x00000000401006d0                sdk_spi_flash_erase_sector
                0x0000000040100704                sdk_spi_flash_write
                0x0000000040100754                sdk_spi_flash_read
 .iram1.text    0x00000000401007a8      0x129 ./build/open_esplibs_libmain.a(os_cpu_a.o)
                                        0x175 (size before relaxing)
                0x00000000401007a8                vPortYield
                0x00000000401007e0                sdk__xt_int_enter
                0x00000000401007f8                sdk__xt_int_exit
                0x0000000040100828                sdk__xt_timer_int
                0x0000000040100864                sdk__xt_timer_int1
                0x0000000040100878                sdk__xt_tick_timer_init
                0x00000000401008a4                sdk__xt_isr_unmask
                0x00000000401008b4                sdk__xt_isr_mask
                0x00000000401008c4                sdk__xt_read_ints
                0x00000000401008cc                sdk__xt_clear_ints
 *fill*         0x00000000401008d1        0x3 
 .iram1.text    0x00000000401008d4        0xb ./build/open_esplibs_libmain.a(misc.o)
                0x00000000401008d8                sdk_os_get_cpu_frequency
 *fill*         0x00000000401008df        0x1 
 .iram1.text    0x00000000401008e0      0x1cd ./build/open_esplibs_libmain.a(user_interface.o)
                                        0x1e8 (size before relaxing)
                0x00000000401008e4                sdk_system_rtc_mem_write
                0x0000000040100948                sdk_system_rtc_mem_read
                0x00000000401009bc                sdk_system_restart_in_nmi
 *fill*         0x0000000040100aad        0x3 
 .iram1.text    0x0000000040100ab0      0x1c2 ./build/open_esplibs_libnet80211.a(ieee80211_hostap.o)
                                        0x1d6 (size before relaxing)
 *fill*         0x0000000040100c72        0x2 
 .iram1.text    0x0000000040100c74       0x59 ./build/open_esplibs_libnet80211.a(ieee80211_input.o)
                0x0000000040100c80                sdk_ieee80211_deliver_data
 *fill*         0x0000000040100ccd        0x3 
 .iram1.text    0x0000000040100cd0       0x5c ./build/open_esplibs_libwpa.a(os_xtensa.o)
                                         0x68 (size before relaxing)
                0x0000000040100cd0                sdk_os_get_time
                0x0000000040100cd4                sdk_os_random
                0x0000000040100ce4                sdk_os_get_random
 .iram1.text    0x0000000040100d2c       0xdb ./build/freertos.a(port.o)
                                        0x103 (size before relaxing)
                0x0000000040100d34                SV_ISR
                0x0000000040100d7c                vPortEnterCritical
                0x0000000040100da4                vPortExitCritical
                0x0000000040100dd0                PendSV
 *fill*         0x0000000040100e07        0x1 
 .iram1.text    0x0000000040100e08       0xaa ./build/core.a(esp_interrupts.o)
                                         0xae (size before relaxing)
                0x0000000040100e0c                _xt_isr_attach
                0x0000000040100e20                _xt_isr_handler
 *fill*         0x0000000040100eb2        0x2 
 .iram1.text    0x0000000040100eb4      0x30b ./build/core.a(app_main.o)
                                        0x353 (size before relaxing)
                0x0000000040100edc                vApplicationStackOverflowHook
                0x0000000040100f08                vApplicationIdleHook
                0x0000000040100f2c                vApplicationTickHook
                0x0000000040100fb0                sdk_user_start
 *fill*         0x00000000401011bf        0x1 
 .iram1.text    0x00000000401011c0       0x1b ./build/core.a(sdk_compat.o)
                0x00000000401011c4                zalloc
 *fill*         0x00000000401011db        0x1 
 .iram1.text    0x00000000401011dc       0x34 ./build/core.a(newlib_syscalls.o)
                0x00000000401011e8                _sbrk_r
 .iram1.text    0x0000000040101210        0xe ./build/core.a(esp_hwrand.o)
                                         0x12 (size before relaxing)
                0x0000000040101210                hwrand
 *fill*         0x000000004010121e        0x2 
 .iram1.text    0x0000000040101220       0xa0 ./build/core.a(debug_dumps.o)
                                         0xb8 (size before relaxing)
                0x0000000040101280                debug_exception_handler
                0x0000000040101280                fatal_exception_handler
                0x00000000401012a0                abort
 .iram1.text    0x00000000401012c0       0x67 ./build/core.a(spiflash-cache-enable.o)
                                         0x7b (size before relaxing)
                0x00000000401012d0                Cache_Read_Enable
 *fill*         0x0000000040101327        0x1 
 .iram1.text    0x0000000040101328      0x36b ./build/core.a(spiflash.o)
                                        0x41b (size before relaxing)
                0x000000004010144c                spiflash_write
                0x0000000040101528                spiflash_read
                0x0000000040101620                spiflash_erase_sector
 *fill*         0x0000000040101693        0x1 
 .iram1.text    0x0000000040101694       0x26 ./build/core.a(esp_iomux.o)
                0x0000000040101698                gpio_to_iomux
                0x00000000401016ac                iomux_to_gpio
 *fill*         0x00000000401016ba        0x0 
 *fill*         0x00000000401016ba        0x0 
 *fill*         0x00000000401016ba        0x0 
 *fill*         0x00000000401016ba        0x2 
 .iram1.text    0x00000000401016bc       0x3d ./build/open_esplibs_libmain.a(xtensa_context.o)
                0x00000000401016bc                sdk__xt_context_save
                0x00000000401016d8                sdk__xt_context_restore
 *fill*         0x00000000401016f9        0x0 
 *fill*         0x00000000401016f9        0x0 
 *fill*         0x00000000401016f9        0x0 
 *fill*         0x00000000401016f9        0x0 
 *fill*         0x00000000401016f9        0x0 
 *fill*         0x00000000401016f9        0x0 
 *fill*         0x00000000401016f9        0x0 
 *fill*         0x00000000401016f9        0x3 
 .iram1.data    0x00000000401016fc        0x4 ./build/core.a(debug_dumps.o)
 *fill*         0x0000000040101700        0x0 
 *fill*         0x0000000040101700        0x0 
 *fill*         0x0000000040101700        0x0 
 .iram1.data    0x0000000040101700       0x80 ./build/core.a(esp_iomux.o)
 *sdklib*:*(.literal .text .literal.* .text.*)
 .text          0x0000000040101780        0xb ./build/sdklib/libnet80211.a(wl_chm.o)
                0x0000000040101784                sdk_chm_get_current_channel
 *fill*         0x000000004010178b        0x1 
 .text          0x000000004010178c       0x4f ./build/sdklib/libphy.a(phy.o)
                                         0x53 (size before relaxing)
                0x0000000040101794                sdk_register_phy_ops
                0x00000000401017b4                sdk_phy_change_channel
                0x00000000401017d0                sdk_phy_get_mactime
 *fill*         0x00000000401017db        0x1 
 .text          0x00000000401017dc       0xf7 ./build/sdklib/libphy.a(phy_sleep.o)
                                        0x103 (size before relaxing)
                0x00000000401017ec                sdk_pm_rtc_clock_cali
                0x00000000401018a8                sdk_clockgate_watchdog
 *fill*         0x00000000401018d3        0x1 
 .text          0x00000000401018d4       0x94 ./build/sdklib/libpp.a(esf_buf.o)
                                         0xb4 (size before relaxing)
                0x00000000401018d8                sdk_esf_rx_buf_alloc
 .text          0x0000000040101968     0x14e0 ./build/sdklib/libpp.a(lmac.o)
                                       0x187c (size before relaxing)
                0x000000004010196c                sdk_lmacIsActive
                0x0000000040101980                sdk_lmacIsIdle
                0x0000000040101dc8                sdk_lmacSetAcParam
                0x0000000040101e64                sdk_lmacProcessTXStartData
                0x000000004010200c                sdk_lmacProcessTxSuccess
                0x0000000040102154                sdk_GetAccess
                0x0000000040102160                sdk_lmacDiscardAgedMSDU
                0x0000000040102174                sdk_lmacRecycleMPDU
                0x0000000040102654                sdk_lmacProcessCollisions
                0x00000000401026b0                sdk_lmacProcessCollision
                0x0000000040102734                sdk_lmacMSDUAged
                0x0000000040102ab8                sdk_lmacProcessCtsTimeout
                0x0000000040102b00                sdk_lmacProcessAckTimeout
                0x0000000040102b54                sdk_lmacProcessRtsStart
                0x0000000040102b60                sdk_lmacProcessTxRtsError
                0x0000000040102bf8                sdk_lmacProcessTxError
                0x0000000040102c7c                sdk_lmacTxFrame
                0x0000000040102e30                sdk_lmacRxDone
 .text          0x0000000040102e48      0xe70 ./build/sdklib/libpp.a(pp.o)
                                       0x103c (size before relaxing)
                0x0000000040102e78                sdk_pp_soft_wdt_feed
                0x0000000040102f8c                sdk_ppProcessTxQ
                0x000000004010307c                sdk_ppFetchTxQFirstAvail
                0x00000000401030bc                sdk_ppDequeueTxQ
                0x00000000401030e4                sdk_ppRollBackTxQ
                0x0000000040103108                sdk_ppRecordBarRRC
                0x0000000040103118                sdk_ppTxqUpdateBitmap
                0x000000004010313c                sdk_ppEnqueueTxDone
                0x0000000040103170                sdk_ppEnqueueRxq
                0x0000000040103938                sdk_ppDiscardMPDU
                0x000000004010396c                sdk_MacIsrSigPostDefHdl
                0x0000000040103a60                sdk_pp_post
                0x0000000040103b64                sdk_ppCalTxop
                0x0000000040103c48                sdk_ppCalFrameTimes
 .text          0x0000000040103cb8       0xf5 ./build/sdklib/libpp.a(rate_control.o)
                                        0x109 (size before relaxing)
                0x0000000040103cd8                sdk_RC_GetAckRate
                0x0000000040103ce4                sdk_RC_GetRtsRate
                0x0000000040103cf4                sdk_RC_GetAckTime
                0x0000000040103d08                sdk_RC_GetCtsTime
                0x0000000040103d40                sdk_RC_GetBlockAckTime
 *fill*         0x0000000040103dad        0x3 
 .text          0x0000000040103db0      0x7f9 ./build/sdklib/libpp.a(trc.o)
                                        0x81d (size before relaxing)
                0x0000000040103f28                sdk_rcUpdateTxDone
                0x0000000040103fbc                sdk_rcUpdateRxDone
                0x0000000040104018                sdk_rcUpdateDataRxDone
                0x0000000040104030                sdk_rcGetSched
                0x00000000401040d8                sdk_rcGetRate
                0x00000000401044dc                sdk_rcReachRetryLimit
                0x00000000401044f4                sdk_trc_NeedRTS
 *fill*         0x00000000401045a9        0x3 
 .text          0x00000000401045ac     0x1163 ./build/sdklib/libpp.a(wdev.o)
                                       0x1473 (size before relaxing)
                0x0000000040104900                sdk_wDev_MacTimSetFunc
                0x0000000040104920                sdk_wDev_MacTimArm
                0x00000000401049c4                sdk_wDev_MacTim1Arm
                0x0000000040104aa0                sdk_wDev_ProcessFiq
                0x0000000040104e44                sdk_wDev_EnableTransmit
                0x0000000040104e88                sdk_wDev_DisableTransmit
                0x0000000040104ea8                sdk_Tx_Copy2Queue
                0x0000000040104ef0                sdk_wDev_ProcessCollision
                0x0000000040104f14                sdk_wDev_GetTxqCollisions
                0x0000000040104f24                sdk_wDev_ClearTxqCollisions
                0x0000000040104f3c                sdk_wDev_SetWaitingQueue
                0x0000000040104f88                sdk_wDev_ClearWaitingQueue
                0x0000000040104fa8                sdk_wDev_SetFrameAckType
                0x000000004010500c                sdk_wDev_AppendRxBlocks
                0x00000000401051b4                sdk_wDev_AppendRxAmpduLensBlocks
                0x00000000401052ec                sdk_wDev_GetBAInfo
 *fill*         0x000000004010570f        0x1 
 .text          0x0000000040105710       0x25 ./build/sdklib/libnet80211.a(ieee80211_hostap.o)
 *fill*         0x0000000040105735        0x0 
 *fill*         0x0000000040105735        0x0 
 *fill*         0x0000000040105735        0x3 
 .text          0x0000000040105738        0x2 ./build/sdklib/libphy.a(phy_chip_v6.o)
                0x0000000040105738                sdk_ram_tx_mac_disable
 *fill*         0x000000004010573a        0x0 
 *fill*         0x000000004010573a        0x0 
 *fill*         0x000000004010573a        0x0 
 *fill*         0x000000004010573a        0x0 
 *fill*         0x000000004010573a        0x2 
 .text          0x000000004010573c       0x11 ./build/sdklib/libwpa.a(wpa_auth.o)
 *libgcc.a:*i3.o(.literal .text .literal.* .text.*)
 *fill*         0x000000004010574d        0x3 
 .text          0x0000000040105750       0x49 ./build/libgcc.a(_modsi3.o)
                0x0000000040105750                __modsi3
 *fill*         0x0000000040105799        0x3 
 .text          0x000000004010579c       0x4c ./build/libgcc.a(_udivsi3.o)
                0x000000004010579c                __udivsi3
 .text          0x00000000401057e8       0x18 ./build/libgcc.a(_ashrdi3.o)
                0x00000000401057e8                __ashrdi3
 *libc.a:*malloc.o(.literal .text .literal.* .text.*)
 .literal       0x0000000040105800        0x4 ./build/libc.a(lib_a-malloc.o)
                                         0x10 (size before relaxing)
 .literal       0x0000000040105804        0x8 ./build/libc.a(lib_a-nano-mallocr.o)
                                         0x20 (size before relaxing)
 .literal       0x000000004010580c        0x0 ./build/libc.a(lib_a-nano-freer.o)
                                          0xc (size before relaxing)
 .literal       0x000000004010580c       0x28 ./build/libc.a(lib_a-rand.o)
                                         0x58 (size before relaxing)
 .literal       0x0000000040105834        0xc ./build/libc.a(lib_a-mlock.o)
                                         0x10 (size before relaxing)
 .literal       0x0000000040105840        0x0 ./build/libc.a(lib_a-printf.o)
                                         0x14 (size before relaxing)
 .literal       0x0000000040105840        0x0 ./build/libc.a(lib_a-sprintf.o)
                                         0x14 (size before relaxing)
 .literal       0x0000000040105840        0x0 ./build/libc.a(lib_a-fprintf.o)
                                          0xc (size before relaxing)
 .literal       0x0000000040105840       0x24 ./build/libc.a(lib_a-nano-svfprintf.o)
                                         0x54 (size before relaxing)
 .literal       0x0000000040105864       0x28 ./build/libc.a(lib_a-nano-vfprintf.o)
                                         0x60 (size before relaxing)
 .literal       0x000000004010588c       0x3c ./build/libc.a(lib_a-findfp.o)
                                         0x80 (size before relaxing)
 .literal       0x00000000401058c8        0x8 ./build/libc.a(lib_a-fputwc.o)
                                         0x2c (size before relaxing)
 .text          0x00000000401058d0       0x35 ./build/libc.a(lib_a-malloc.o)
                0x00000000401058d0                malloc
                0x00000000401058ec                free
 *libc.a:*mallocr.o(.literal .text .literal.* .text.*)
 *fill*         0x0000000040105905        0x3 
 .text          0x0000000040105908       0xed ./build/libc.a(lib_a-nano-mallocr.o)
                                         0xf1 (size before relaxing)
                0x0000000040105908                _malloc_r
 *fill*         0x00000000401059f5        0x0 
 *libc.a:*freer.o(.literal .text .literal.* .text.*)
 *fill*         0x00000000401059f5        0x3 
 .text          0x00000000401059f8       0xb1 ./build/libc.a(lib_a-nano-freer.o)
                0x00000000401059f8                _free_r
 *fill*         0x0000000040105aa9        0x0 
 *libc.a:*memcpy.o(.literal .text .literal.* .text.*)
 *libc.a:*memset.o(.literal .text .literal.* .text.*)
 *libc.a:*memcmp.o(.literal .text .literal.* .text.*)
 *libc.a:*memmove.o(.literal .text .literal.* .text.*)
 *libc.a:*rand.o(.literal .text .literal.* .text.*)
 *fill*         0x0000000040105aa9        0x3 
 .text          0x0000000040105aac       0xdd ./build/libc.a(lib_a-rand.o)
                                         0xe1 (size before relaxing)
                0x0000000040105aac                srand
                0x0000000040105b10                rand
 *fill*         0x0000000040105b89        0x0 
 *libc.a:*bzero.o(.literal .text .literal.* .text.*)
 *libc.a:*lock.o(.literal .text .literal.* .text.*)
 *fill*         0x0000000040105b89        0x3 
 .text          0x0000000040105b8c       0x2d ./build/libc.a(lib_a-mlock.o)
                0x0000000040105b8c                __malloc_lock
                0x0000000040105ba4                __malloc_unlock
 *fill*         0x0000000040105bb9        0x0 
 *libc.a:*printf.o(.literal .text .literal.* .text.*)
 *fill*         0x0000000040105bb9        0x3 
 .text          0x0000000040105bbc       0x99 ./build/libc.a(lib_a-printf.o)
                0x0000000040105bbc                _printf_r
                0x0000000040105bbc                _iprintf_r
                0x0000000040105c08                printf
                0x0000000040105c08                iprintf
 *fill*         0x0000000040105c55        0x3 
 .text          0x0000000040105c58       0xb5 ./build/libc.a(lib_a-sprintf.o)
                                         0xb9 (size before relaxing)
                0x0000000040105c58                _siprintf_r
                0x0000000040105c58                _sprintf_r
                0x0000000040105cb0                sprintf
                0x0000000040105cb0                siprintf
 *fill*         0x0000000040105d0d        0x3 
 .text          0x0000000040105d10       0x57 ./build/libc.a(lib_a-fprintf.o)
                                         0x5b (size before relaxing)
                0x0000000040105d10                _fprintf_r
                0x0000000040105d10                _fiprintf_r
                0x0000000040105d34                fprintf
                0x0000000040105d34                fiprintf
 *fill*         0x0000000040105d67        0x1 
 .text          0x0000000040105d68      0x4c5 ./build/libc.a(lib_a-nano-svfprintf.o)
                0x0000000040105d68                __ssputs_r
                0x0000000040105e64                __ssprint_r
                0x0000000040105f98                _svfprintf_r
                0x0000000040105f98                _svfiprintf_r
 *fill*         0x000000004010622d        0x3 
 .text          0x0000000040106230      0x45b ./build/libc.a(lib_a-nano-vfprintf.o)
                                        0x45f (size before relaxing)
                0x0000000040106268                __sfputs_r
                0x00000000401062d8                __sprint_r
                0x0000000040106368                _vfiprintf_r
                0x0000000040106368                _vfprintf_r
                0x0000000040106664                vfiprintf
                0x0000000040106664                vfprintf
 *fill*         0x000000004010668b        0x0 
 *fill*         0x000000004010668b        0x0 
 *fill*         0x000000004010668b        0x0 
 *fill*         0x000000004010668b        0x0 
 *fill*         0x000000004010668b        0x0 
 *libc.a:*findfp.o(.literal .text .literal.* .text.*)
 *fill*         0x000000004010668b        0x1 
 .text          0x000000004010668c      0x2c6 ./build/libc.a(lib_a-findfp.o)
                                        0x2ce (size before relaxing)
                0x00000000401066d8                _cleanup_r
                0x0000000040106738                __sfmoreglue
                0x0000000040106780                _cleanup
                0x0000000040106794                __sfp_lock_acquire
                0x00000000401067ac                __sfp_lock_release
                0x00000000401067c4                __sinit_lock_acquire
                0x00000000401067dc                __sinit_lock_release
                0x00000000401067f4                __sinit
                0x0000000040106864                __sfp
                0x0000000040106914                __fp_lock_all
                0x0000000040106934                __fp_unlock_all
 *fill*         0x0000000040106952        0x0 
 *libc.a:*fputwc.o(.literal .text .literal.* .text.*)
 *fill*         0x0000000040106952        0x2 
 .text          0x0000000040106954      0x172 ./build/libc.a(lib_a-fputwc.o)
                                        0x176 (size before relaxing)
                0x0000000040106954                __fputwc
                0x00000000401069fc                _fputwc_r
                0x0000000040106a70                fputwc
 *fill*         0x0000000040106ac6        0x0 
 *(.stub .gnu.warning .gnu.linkonce.literal.* .gnu.linkonce.t.*.literal .gnu.linkonce.t.*)
 *(.fini.literal)
 *(.fini)
 *(.gnu.version)
                0x0000000040106ac6                _text_end = ABSOLUTE (.)
                0x0000000040106ac6                _etext = .

.data           0x000000003ffe8000      0x964
                0x000000003ffe8000                _data_start = ABSOLUTE (.)
 *(.data)
 .data          0x000000003ffe8000        0x8 ./build/core.a(spiflash-cache-enable.o)
                0x000000003ffe8000                rboot_megabyte
 .data          0x000000003ffe8008       0xf4 ./build/libc.a(lib_a-impure.o)
                0x000000003ffe8008                _impure_ptr
 .data          0x000000003ffe80fc      0x16c ./build/libc.a(lib_a-locale.o)
                0x000000003ffe80fc                __global_locale
 .data          0x000000003ffe8268        0x1 ./build/sdklib/libmain.a(user_interface.o)
 *fill*         0x000000003ffe8269        0x3 
 .data          0x000000003ffe826c      0x1a8 ./build/sdklib/libnet80211.a(ieee80211_phy.o)
 *fill*         0x000000003ffe8414        0x4 
 .data          0x000000003ffe8418        0x6 ./build/sdklib/libnet80211.a(ieee80211_proto.o)
                0x000000003ffe8418                sdk_ieee80211_addr_bcast
 *fill*         0x000000003ffe841e        0x2 
 .data          0x000000003ffe8420       0x1c ./build/sdklib/libnet80211.a(ieee80211_action.o)
 *fill*         0x000000003ffe843c        0x4 
 .data          0x000000003ffe8440       0x53 ./build/sdklib/libphy.a(phy_chip_v6.o)
                0x000000003ffe8442                sdk_tx_rf_ana_gain
                0x000000003ffe8464                sdk_tx_pwctrl_atten_init_en
                0x000000003ffe8470                sdk_rx_gain_swp
                0x000000003ffe8490                sdk_test_rffreq_txcap
 *fill*         0x000000003ffe8493        0xd 
 .data          0x000000003ffe84a0       0x90 ./build/sdklib/libphy.a(phy_chip_v6_cal.o)
                0x000000003ffe84a0                sdk_dpd_index
                0x000000003ffe8500                sdk_dpd_db2linear
 .data          0x000000003ffe8530        0x4 ./build/sdklib/libphy.a(phy_sleep.o)
                0x000000003ffe8530                sdk_chip_version
 .data          0x000000003ffe8534      0x11c ./build/sdklib/libphy.a(phy_chip_v5_romfunc.o)
                0x000000003ffe8534                sdk_g_phyFuns
                0x000000003ffe8538                sdk_g_phyFuns_instance
 .data          0x000000003ffe8650        0x7 ./build/sdklib/libphy.a(phy_chip_v5_cal_romfunc.o)
 *fill*         0x000000003ffe8657        0x1 
 .data          0x000000003ffe8658        0x1 ./build/sdklib/libpp.a(pm.o)
 *fill*         0x000000003ffe8659        0x3 
 .data          0x000000003ffe865c       0x10 ./build/sdklib/libpp.a(pp.o)
                0x000000003ffe865c                sdk_NoiseTimerInterval
                0x000000003ffe8664                sdk_sleep_start_wait_time
 *fill*         0x000000003ffe866c        0x4 
 .data          0x000000003ffe8670       0x40 ./build/sdklib/libpp.a(rate_control.o)
 .data          0x000000003ffe86b0      0x22c ./build/sdklib/libpp.a(trc.o)
 *fill*         0x000000003ffe88dc        0x4 
 .data          0x000000003ffe88e0       0x10 ./build/sdklib/libpp.a(wdev.o)
 .data          0x000000003ffe88f0       0x18 ./build/sdklib/libnet80211.a(ieee80211_crypto_ccmp.o)
                0x000000003ffe88f0                sdk_ccmp
 .data          0x000000003ffe8908       0x18 ./build/sdklib/libnet80211.a(ieee80211_crypto_tkip.o)
                0x000000003ffe8908                sdk_tkip
 .data          0x000000003ffe8920       0x18 ./build/sdklib/libnet80211.a(ieee80211_crypto_wep.o)
                0x000000003ffe8920                sdk_wep
 *(.data.*)
 .data.sdk_flashchip
                0x000000003ffe8938       0x18 ./build/open_esplibs_libmain.a(spi_flash.o)
                0x000000003ffe8938                sdk_flashchip
 .data.cpu_freq
                0x000000003ffe8950        0x4 ./build/open_esplibs_libmain.a(misc.o)
 .data.sdk_dhcpc_flag
                0x000000003ffe8954        0x4 ./build/open_esplibs_libmain.a(user_interface.o)
                0x000000003ffe8954                sdk_dhcpc_flag
 .data.iss$5646
                0x000000003ffe8958        0x4 ./build/lwip.a(tcp.o)
 .data.tcp_port
                0x000000003ffe895c        0x2 ./build/lwip.a(tcp.o)
 .data.udp_port
                0x000000003ffe895e        0x2 ./build/lwip.a(udp.o)
 .data.current_stdout_write_r
                0x000000003ffe8960        0x4 ./build/core.a(newlib_syscalls.o)
 *(.gnu.linkonce.d.*)
 *(.data1)
 *(.sdata)
 *(.sdata.*)
 *(.gnu.linkonce.s.*)
 *(.sdata2)
 *(.sdata2.*)
 *(.gnu.linkonce.s2.*)
 *(.jcr)
                0x000000003ffe8964                _data_end = ABSOLUTE (.)

.rodata         0x000000003ffe8968      0x8e0
                0x000000003ffe8968                _rodata_start = ABSOLUTE (.)
 *core.a:*(.rodata.* .rodata)
 .rodata.str1.4
                0x000000003ffe8968      0x19f ./build/core.a(app_main.o)
 *fill*         0x000000003ffe8b07        0x1 
 .rodata.CSWTCH$30
                0x000000003ffe8b08       0x10 ./build/core.a(app_main.o)
 .rodata.CSWTCH$29
                0x000000003ffe8b18       0x40 ./build/core.a(app_main.o)
 .rodata.str1.4
                0x000000003ffe8b58      0x1cc ./build/core.a(debug_dumps.o)
 .rodata        0x000000003ffe8d24       0x1c ./build/core.a(exception_vectors.o)
 *libc.a:*.o(.rodata.* .rodata)
 .rodata        0x000000003ffe8d40       0x60 ./build/libc.a(lib_a-findfp.o)
                0x000000003ffe8d40                __sf_fake_stderr
                0x000000003ffe8d60                __sf_fake_stdout
                0x000000003ffe8d80                __sf_fake_stdin
 .rodata        0x000000003ffe8da0        0x4 ./build/libc.a(lib_a-impure.o)
                0x000000003ffe8da0                _global_impure_ptr
 .rodata.str1.1
                0x000000003ffe8da4        0xa ./build/libc.a(lib_a-locale.o)
                                          0xb (size before relaxing)
 .rodata.str1.1
                0x000000003ffe8dae       0x21 ./build/libc.a(lib_a-mstats.o)
 .rodata.str1.1
                0x000000003ffe8dcf       0x4b ./build/libc.a(lib_a-nano-mallstatsr.o)
 .rodata.str1.1
                0x000000003ffe8e1a       0x12 ./build/libc.a(lib_a-nano-vfprintf_float.o)
 .rodata.str1.1
                0x000000003ffe8e2c       0x22 ./build/libc.a(lib_a-nano-vfprintf_i.o)
 .rodata.str1.1
                0x000000003ffe8e4e        0x5 ./build/libc.a(lib_a-nano-vfscanf_float.o)
 .rodata.str1.1
                0x000000003ffe8e53        0x5 ./build/libc.a(lib_a-puts.o)
                                          0x2 (size before relaxing)
 .rodata.str1.1
                0x000000003ffe8e53        0x5 ./build/libc.a(lib_a-strtod.o)
                                          0xc (size before relaxing)
 *fill*         0x000000003ffe8e53        0x5 
 .rodata        0x000000003ffe8e58       0x70 ./build/libc.a(lib_a-strtod.o)
 .rodata        0x000000003ffe8ec8      0x101 ./build/libc.a(lib_a-ctype_.o)
                0x000000003ffe8ec8                _ctype_
 .rodata.str1.1
                0x000000003ffe8fc9        0xd ./build/libc.a(lib_a-dtoa.o)
                                          0xf (size before relaxing)
 *fill*         0x000000003ffe8fd6        0x2 
 .rodata        0x000000003ffe8fd8      0x128 ./build/libc.a(lib_a-mprec.o)
                0x000000003ffe8fe8                __mprec_tinytens
                0x000000003ffe9010                __mprec_bigtens
                0x000000003ffe9038                __mprec_tens
 .rodata.str1.1
                0x000000003ffe9100       0x11 ./build/libc.a(lib_a-nano-svfprintf.o)
 .rodata.str1.1
                0x000000003ffe9111       0x11 ./build/libc.a(lib_a-nano-vfprintf.o)
 *freertos.a:*(.rodata.* .rodata)
 *fill*         0x000000003ffe9111        0x3 
 .rodata.str1.4
                0x000000003ffe9114       0x41 ./build/freertos.a(tasks.o)
 *fill*         0x000000003ffe9155        0x3 
 .rodata.str1.4
                0x000000003ffe9158       0x43 ./build/freertos.a(timers.o)
 *fill*         0x000000003ffe919b        0x1 
 .rodata.str1.4
                0x000000003ffe919c       0x5e ./build/freertos.a(port.o)
 *fill*         0x000000003ffe91fa        0x2 
 .rodata.str1.4
                0x000000003ffe91fc       0x3a ./build/freertos.a(queue.o)
 *libmain.a:spi_flash.o(.rodata.* .rodata)
 *libpp.a:wdev.o(.rodata.* .rodata)
 *fill*         0x000000003ffe9236        0x2 
 .rodata.str1.4
                0x000000003ffe9238       0x10 ./build/sdklib/libpp.a(wdev.o)
                                          0xf (size before relaxing)
                0x000000003ffe9248                _rodata_end = ABSOLUTE (.)

.bss            0x000000003ffe9248     0x8360
                0x000000003ffe9248                . = ALIGN (0x8)
                0x000000003ffe9248                _bss_start = ABSOLUTE (.)
 *(.dynsbss)
 *(.sbss)
 *(.sbss.*)
 *(.gnu.linkonce.sb.*)
 *(.scommon)
 *(.sbss2)
 *(.sbss2.*)
 *(.gnu.linkonce.sb2.*)
 *(.dynbss)
 *(.bss)
 *fill*         0x000000003ffe9248        0x8 
 .bss           0x000000003ffe9250      0x228 ./build/core.a(exception_vectors.o)
                0x000000003ffe9464                debug_saved_ctx
 .bss           0x000000003ffe9478        0xc ./build/libc.a(lib_a-arc4random.o)
                0x000000003ffe9478                __arc4random_mutex
 .bss           0x000000003ffe9484        0x4 ./build/libc.a(lib_a-__call_atexit.o)
                0x000000003ffe9484                __atexit_recursive_mutex
 .bss           0x000000003ffe9488        0x4 ./build/libc.a(lib_a-envlock.o)
                0x000000003ffe9488                __env_recursive_mutex
 .bss           0x000000003ffe948c        0x8 ./build/libc.a(lib_a-findfp.o)
                0x000000003ffe948c                __sinit_recursive_mutex
                0x000000003ffe9490                __sfp_recursive_mutex
 .bss           0x000000003ffe9494        0x4 ./build/libc.a(lib_a-mlock.o)
                0x000000003ffe9494                __malloc_recursive_mutex
 .bss           0x000000003ffe9498       0x28 ./build/libc.a(lib_a-nano-mallinfor.o)
                0x000000003ffe9498                __malloc_current_mallinfo
 .bss           0x000000003ffe94c0        0x8 ./build/libc.a(lib_a-nano-mallocr.o)
                0x000000003ffe94c0                __malloc_sbrk_start
                0x000000003ffe94c4                __malloc_free_list
 .bss           0x000000003ffe94c8        0x8 ./build/libc.a(lib_a-quick_exit.o)
                0x000000003ffe94c8                __at_quick_exit_mutex
 .bss           0x000000003ffe94d0        0x4 ./build/libc.a(lib_a-tzlock.o)
                0x000000003ffe94d0                __tz_mutex
 *fill*         0x000000003ffe94d4        0xc 
 .bss           0x000000003ffe94e0      0x131 ./build/sdklib/libmain.a(user_interface.o)
 *fill*         0x000000003ffe9611        0x3 
 .bss           0x000000003ffe9614      0x54c ./build/sdklib/libnet80211.a(ieee80211.o)
                0x000000003ffe9614                sdk_g_ic
                0x000000003ffe9b5c                sdk_xieee80211Queue
 .bss           0x000000003ffe9b60       0x28 ./build/sdklib/libnet80211.a(ieee80211_hostap.o)
                0x000000003ffe9b80                sdk_TmpSTAAPCloseAP
                0x000000003ffe9b81                sdk_PendFreeBcnEb
 .bss           0x000000003ffe9b88       0xe4 ./build/sdklib/libnet80211.a(ieee80211_scan.o)
                0x000000003ffe9b88                sdk_gScanStruct
                0x000000003ffe9c4c                sdk_auth_type
                0x000000003ffe9c4e                sdk_scannum
 .bss           0x000000003ffe9c6c       0x44 ./build/sdklib/libnet80211.a(wl_chm.o)
 .bss           0x000000003ffe9cb0      0x780 ./build/sdklib/libnet80211.a(wl_cnx.o)
                0x000000003ffea410                sdk_sta_con_timer
                0x000000003ffea42c                sdk_g_cnx_probe_rc_list_cb
 .bss           0x000000003ffea430        0x4 ./build/sdklib/libphy.a(phy.o)
 *fill*         0x000000003ffea434        0xc 
 .bss           0x000000003ffea440      0x38b ./build/sdklib/libphy.a(phy_chip_v6.o)
                0x000000003ffea440                sdk_rxiq_compute_num
                0x000000003ffea444                sdk_rxdc_init_flag
                0x000000003ffea448                sdk_check_result
                0x000000003ffea44c                sdk_chip6_sleep_params
                0x000000003ffea624                sdk_chip6_phy_init_ctrl
                0x000000003ffea692                sdk_phy_freq_offset
                0x000000003ffea694                sdk_do_pwctrl_flag
                0x000000003ffea695                sdk_pwctrl_debug
                0x000000003ffea696                sdk_txbk_dpdby_flag
                0x000000003ffea698                sdk_sw_scan_mode
                0x000000003ffea6ac                sdk_periodic_cal_dc_num
                0x000000003ffea6b0                sdk_periodic_cal_flag
                0x000000003ffea6b1                sdk_bbpll_cal_flag
                0x000000003ffea6b2                sdk_deep_sleep_en
                0x000000003ffea6b8                sdk_noise_array
                0x000000003ffea7c0                sdk_tx_pwctrl_atten_init
 *fill*         0x000000003ffea7cb        0x1 
 .bss           0x000000003ffea7cc        0x6 ./build/sdklib/libphy.a(phy_chip_v6_cal.o)
                0x000000003ffea7cc                sdk_loop_pwctrl_pwdet_error_accum_high_power
                0x000000003ffea7ce                sdk_tx_pwctrl_pk_num
                0x000000003ffea7cf                sdk_loop_pwctrl_correct_atten_high_power
                0x000000003ffea7d0                sdk_tx_pwctrl_set_chan_flag
                0x000000003ffea7d1                sdk_rxiq_cover_fail_num
 *fill*         0x000000003ffea7d2        0x2 
 .bss           0x000000003ffea7d4        0x4 ./build/sdklib/libphy.a(phy_sleep.o)
                0x000000003ffea7d4                sdk_periodic_cal_sat
                0x000000003ffea7d5                sdk_software_slp_reject
                0x000000003ffea7d6                sdk_SDIO_slp_reject
                0x000000003ffea7d7                sdk_hardware_reject
 *fill*         0x000000003ffea7d8        0x8 
 .bss           0x000000003ffea7e0     0x11e8 ./build/sdklib/libpp.a(esf_buf.o)
 *fill*         0x000000003ffeb9c8        0x8 
 .bss           0x000000003ffeb9d0       0x30 ./build/sdklib/libpp.a(if_hwctrl.o)
                0x000000003ffeb9d0                sdk_interface_mask
                0x000000003ffeb9e0                sdk_if_ctrl
 .bss           0x000000003ffeba00      0x150 ./build/sdklib/libpp.a(lmac.o)
                0x000000003ffeba04                sdk_lmacConfMib
 .bss           0x000000003ffebb50      0x149 ./build/sdklib/libpp.a(pm.o)
 *fill*         0x000000003ffebc99        0x7 
 .bss           0x000000003ffebca0      0x352 ./build/sdklib/libpp.a(pp.o)
                0x000000003ffebcc8                sdk_pend_flag_noise_check
                0x000000003ffebcd0                sdk_pend_flag_periodic_cal
                0x000000003ffebcf4                sdk_dbg_stop_sw_wdt
                0x000000003ffebcf5                sdk_dbg_stop_hw_wdt
 *fill*         0x000000003ffebff2        0xe 
 .bss           0x000000003ffec000      0x100 ./build/sdklib/libpp.a(rate_control.o)
 .bss           0x000000003ffec100      0x268 ./build/sdklib/libpp.a(trc.o)
 *fill*         0x000000003ffec368        0x8 
 .bss           0x000000003ffec370     0x4721 ./build/sdklib/libpp.a(wdev.o)
                0x000000003ffec370                sdk_wDevCtrl
                0x000000003ffec514                sdk_NMIIrqIsOn
                0x000000003ffec518                sdk_WdevTimOffSet
 *fill*         0x000000003fff0a91        0xf 
 .bss           0x000000003fff0aa0      0x27a ./build/sdklib/libwpa.a(wpa.o)
 *fill*         0x000000003fff0d1a        0x6 
 .bss           0x000000003fff0d20       0xb0 ./build/sdklib/libwpa.a(aes-internal-dec.o)
 .bss           0x000000003fff0dd0        0x8 ./build/sdklib/libnet80211.a(ieee80211_crypto_tkip.o)
 *(.bss.*)
 .bss.armed_timer_count
                0x000000003fff0dd8        0x1 ./build/open_esplibs_libmain.a(timers.o)
 *fill*         0x000000003fff0dd9        0x3 
 .bss.timer_list
                0x000000003fff0ddc        0x4 ./build/open_esplibs_libmain.a(timers.o)
 .bss.task_handle
                0x000000003fff0de0        0x4 ./build/open_esplibs_libmain.a(ets_timer.o)
 .bss.timer_list
                0x000000003fff0de4        0x4 ./build/open_esplibs_libmain.a(ets_timer.o)
 .bss.hostap_timer_parg
                0x000000003fff0de8        0x4 ./build/open_esplibs_libnet80211.a(ieee80211_hostap.o)
 .bss.hostap_timer
                0x000000003fff0dec       0x1c ./build/open_esplibs_libnet80211.a(ieee80211_hostap.o)
 .bss.hostap_flags
                0x000000003fff0e08        0x1 ./build/open_esplibs_libnet80211.a(ieee80211_hostap.o)
 *fill*         0x000000003fff0e09        0x3 
 .bss.pp_zeros  0x000000003fff0e0c       0x20 ./build/open_esplibs_libpp.a(pp.o)
 .bss.uxSchedulerSuspended
                0x000000003fff0e2c        0x4 ./build/freertos.a(tasks.o)
 .bss.xIdleTaskHandle
                0x000000003fff0e30        0x4 ./build/freertos.a(tasks.o)
 .bss.xNextTaskUnblockTime
                0x000000003fff0e34        0x4 ./build/freertos.a(tasks.o)
 .bss.uxTaskNumber
                0x000000003fff0e38        0x4 ./build/freertos.a(tasks.o)
 .bss.xNumOfOverflows
                0x000000003fff0e3c        0x4 ./build/freertos.a(tasks.o)
 .bss.xYieldPending
                0x000000003fff0e40        0x4 ./build/freertos.a(tasks.o)
 .bss.uxPendedTicks
                0x000000003fff0e44        0x4 ./build/freertos.a(tasks.o)
 .bss.xSchedulerRunning
                0x000000003fff0e48        0x4 ./build/freertos.a(tasks.o)
 .bss.uxTopReadyPriority
                0x000000003fff0e4c        0x4 ./build/freertos.a(tasks.o)
 .bss.xTickCount
                0x000000003fff0e50        0x4 ./build/freertos.a(tasks.o)
 .bss.uxCurrentNumberOfTasks
                0x000000003fff0e54        0x4 ./build/freertos.a(tasks.o)
 .bss.xSuspendedTaskList
                0x000000003fff0e58       0x14 ./build/freertos.a(tasks.o)
 .bss.uxDeletedTasksWaitingCleanUp
                0x000000003fff0e6c        0x4 ./build/freertos.a(tasks.o)
 .bss.xTasksWaitingTermination
                0x000000003fff0e70       0x14 ./build/freertos.a(tasks.o)
 .bss.xPendingReadyList
                0x000000003fff0e84       0x14 ./build/freertos.a(tasks.o)
 .bss.pxOverflowDelayedTaskList
                0x000000003fff0e98        0x4 ./build/freertos.a(tasks.o)
 .bss.pxDelayedTaskList
                0x000000003fff0e9c        0x4 ./build/freertos.a(tasks.o)
 .bss.xDelayedTaskList2
                0x000000003fff0ea0       0x14 ./build/freertos.a(tasks.o)
 .bss.xDelayedTaskList1
                0x000000003fff0eb4       0x14 ./build/freertos.a(tasks.o)
 .bss.pxReadyTasksLists
                0x000000003fff0ec8      0x12c ./build/freertos.a(tasks.o)
 .bss.pxCurrentTCB
                0x000000003fff0ff4        0x4 ./build/freertos.a(tasks.o)
                0x000000003fff0ff4                pxCurrentTCB
 .bss.xLastTime$3538
                0x000000003fff0ff8        0x4 ./build/freertos.a(timers.o)
 .bss.xTimerTaskHandle
                0x000000003fff0ffc        0x4 ./build/freertos.a(timers.o)
 .bss.xTimerQueue
                0x000000003fff1000        0x4 ./build/freertos.a(timers.o)
 .bss.pxOverflowTimerList
                0x000000003fff1004        0x4 ./build/freertos.a(timers.o)
 .bss.pxCurrentTimerList
                0x000000003fff1008        0x4 ./build/freertos.a(timers.o)
 .bss.xActiveTimerList2
                0x000000003fff100c       0x14 ./build/freertos.a(timers.o)
 .bss.xActiveTimerList1
                0x000000003fff1020       0x14 ./build/freertos.a(timers.o)
 .bss.uxCriticalNesting
                0x000000003fff1034        0x4 ./build/freertos.a(port.o)
 .bss.pending_maclayer_sv
                0x000000003fff1038        0x4 ./build/freertos.a(port.o)
 .bss.pending_soft_sv
                0x000000003fff103c        0x4 ./build/freertos.a(port.o)
 .bss.critical_nesting
                0x000000003fff1040        0x4 ./build/lwip.a(sys_arch.o)
 .bss.tcpip_mbox
                0x000000003fff1044        0x4 ./build/lwip.a(tcpip.o)
 .bss.tcpip_init_done_arg
                0x000000003fff1048        0x4 ./build/lwip.a(tcpip.o)
 .bss.tcpip_init_done
                0x000000003fff104c        0x4 ./build/lwip.a(tcpip.o)
 .bss.tcpip_tcp_timer_active
                0x000000003fff1050        0x4 ./build/lwip.a(timeouts.o)
 .bss.current_timeout_due_time
                0x000000003fff1054        0x4 ./build/lwip.a(timeouts.o)
 .bss.next_timeout
                0x000000003fff1058        0x4 ./build/lwip.a(timeouts.o)
 .bss.dns_servers
                0x000000003fff105c        0x8 ./build/lwip.a(dns.o)
 .bss.dns_requests
                0x000000003fff1064        0xc ./build/lwip.a(dns.o)
 .bss.dns_table
                0x000000003fff1070       0x94 ./build/lwip.a(dns.o)
 .bss.dns_seqno
                0x000000003fff1104        0x1 ./build/lwip.a(dns.o)
 .bss.dns_last_pcb_idx
                0x000000003fff1105        0x1 ./build/lwip.a(dns.o)
 *fill*         0x000000003fff1106        0x2 
 .bss.dns_pcbs  0x000000003fff1108        0x4 ./build/lwip.a(dns.o)
 .bss.tcp_timer_ctr
                0x000000003fff110c        0x1 ./build/lwip.a(tcp.o)
 .bss.tcp_timer
                0x000000003fff110d        0x1 ./build/lwip.a(tcp.o)
 .bss.netif_num
                0x000000003fff110e        0x1 ./build/lwip.a(netif.o)
 *fill*         0x000000003fff110f        0x1 
 .bss.ip_reass_pbufcount
                0x000000003fff1110        0x2 ./build/lwip.a(ip4_frag.o)
 *fill*         0x000000003fff1112        0x2 
 .bss.reassdatagrams
                0x000000003fff1114        0x4 ./build/lwip.a(ip4_frag.o)
 .bss.xid$4594  0x000000003fff1118        0x4 ./build/lwip.a(dhcp.o)
 .bss.dhcp_pcb_refcount
                0x000000003fff111c        0x1 ./build/lwip.a(dhcp.o)
 *fill*         0x000000003fff111d        0x3 
 .bss.dhcp_pcb  0x000000003fff1120        0x4 ./build/lwip.a(dhcp.o)
 .bss.etharp_cached_entry
                0x000000003fff1124        0x1 ./build/lwip.a(etharp.o)
 *fill*         0x000000003fff1125        0x3 
 .bss.arp_table
                0x000000003fff1128       0xf0 ./build/lwip.a(etharp.o)
 .bss.allrouters
                0x000000003fff1218        0x4 ./build/lwip.a(igmp.o)
 .bss.allsystems
                0x000000003fff121c        0x4 ./build/lwip.a(igmp.o)
 .bss.ip4_default_multicast_netif
                0x000000003fff1220        0x4 ./build/lwip.a(ip4.o)
 .bss.ip_id     0x000000003fff1224        0x2 ./build/lwip.a(ip4.o)
 *fill*         0x000000003fff1226        0x2 
 .bss.recv_data
                0x000000003fff1228        0x4 ./build/lwip.a(tcp_in.o)
 .bss.recv_flags
                0x000000003fff122c        0x1 ./build/lwip.a(tcp_in.o)
 .bss.flags     0x000000003fff122d        0x1 ./build/lwip.a(tcp_in.o)
 .bss.tcplen    0x000000003fff122e        0x2 ./build/lwip.a(tcp_in.o)
 .bss.recv_acked
                0x000000003fff1230        0x2 ./build/lwip.a(tcp_in.o)
 *fill*         0x000000003fff1232        0x2 
 .bss.ackno     0x000000003fff1234        0x4 ./build/lwip.a(tcp_in.o)
 .bss.seqno     0x000000003fff1238        0x4 ./build/lwip.a(tcp_in.o)
 .bss.tcp_optidx
                0x000000003fff123c        0x2 ./build/lwip.a(tcp_in.o)
 *fill*         0x000000003fff123e        0x2 
 .bss.tcphdr_opt2
                0x000000003fff1240        0x4 ./build/lwip.a(tcp_in.o)
 .bss.tcphdr_opt1len
                0x000000003fff1244        0x2 ./build/lwip.a(tcp_in.o)
 .bss.tcphdr_optlen
                0x000000003fff1246        0x2 ./build/lwip.a(tcp_in.o)
 .bss.tcphdr    0x000000003fff1248        0x4 ./build/lwip.a(tcp_in.o)
 .bss.inseg     0x000000003fff124c       0x10 ./build/lwip.a(tcp_in.o)
 .bss._sysparam_info
                0x000000003fff125c       0x18 ./build/core.a(sysparam.o)
 .bss.heap_end$5055
                0x000000003fff1274        0x4 ./build/core.a(newlib_syscalls.o)
 .bss.locks_initialized
                0x000000003fff1278        0x4 ./build/core.a(newlib_syscalls.o)
 .bss.user_exception_handler
                0x000000003fff127c        0x4 ./build/core.a(debug_dumps.o)
 .bss.data_to_send
                0x000000003fff1280        0x4 ./build/program.a(main.o)
                0x000000003fff1280                data_to_send
 .bss.print_data
                0x000000003fff1284        0x4 ./build/program.a(main.o)
                0x000000003fff1284                print_data
 .bss.my_id$6255
                0x000000003fff1288        0xd ./build/program.a(mqtt.o)
 .bss.my_id_done$6256
                0x000000003fff1295        0x1 ./build/program.a(mqtt.o)
 *fill*         0x000000003fff1296        0x2 
 .bss.bufptr    0x000000003fff1298        0x4 ./build/paho_mqtt_c.a(MQTTPacket.o)
 .bss.select_cb_list
                0x000000003fff129c        0x4 ./build/lwip.a(sockets.o)
 .bss.sockets   0x000000003fff12a0       0xc0 ./build/lwip.a(sockets.o)
 .bss._minimal_pins
                0x000000003fff1360        0x2 ./build/core.a(esp_spi.o)
 *(.gnu.linkonce.b.*)
 *(COMMON)
 *fill*         0x000000003fff1362        0x2 
 COMMON         0x000000003fff1364        0x4 ./build/open_esplibs_libmain.a(misc.o)
                0x000000003fff1364                sdk__putc1
 COMMON         0x000000003fff1368       0x28 ./build/open_esplibs_libmain.a(user_interface.o)
                0x000000003fff1368                sdk_cpu_overclock
                0x000000003fff136c                sdk_rst_if
                0x000000003fff138c                sdk_promiscuous_cb
 COMMON         0x000000003fff1390        0xc ./build/freertos.a(port.o)
                0x000000003fff1390                level1_int_disabled
                0x000000003fff1394                cpu_sr
                0x000000003fff1398                xPortSupervisorStackPointer
 COMMON         0x000000003fff139c        0xc ./build/lwip.a(sys_arch.o)
                0x000000003fff139c                lwip_tcpip_thread
                0x000000003fff13a0                lwip_core_lock_count
                0x000000003fff13a4                lwip_core_lock_holder_thread
 COMMON         0x000000003fff13a8        0x4 ./build/lwip.a(esp_interface.o)
                0x000000003fff13a8                pp_rx_pool_usage
 COMMON         0x000000003fff13ac        0x4 ./build/lwip.a(tcpip.o)
                0x000000003fff13ac                lock_tcpip_core
 COMMON         0x000000003fff13b0       0x18 ./build/lwip.a(tcp.o)
                0x000000003fff13b0                tcp_active_pcbs_changed
                0x000000003fff13b4                tcp_active_pcbs
                0x000000003fff13b8                tcp_ticks
                0x000000003fff13bc                tcp_listen_pcbs
                0x000000003fff13c0                tcp_bound_pcbs
                0x000000003fff13c4                tcp_tw_pcbs
 COMMON         0x000000003fff13c8        0x1 ./build/lwip.a(pbuf.o)
                0x000000003fff13c8                pbuf_free_ooseq_pending
 *fill*         0x000000003fff13c9        0x3 
 COMMON         0x000000003fff13cc        0x8 ./build/lwip.a(netif.o)
                0x000000003fff13cc                netif_list
                0x000000003fff13d0                netif_default
 COMMON         0x000000003fff13d4        0x4 ./build/lwip.a(udp.o)
                0x000000003fff13d4                udp_pcbs
 COMMON         0x000000003fff13d8       0x34 ./build/lwip.a(dhcp.o)
                0x000000003fff13d8                dhcp_rx_options_given
                0x000000003fff13e4                dhcp_rx_options_val
 COMMON         0x000000003fff140c        0x4 ./build/lwip.a(tcp_in.o)
                0x000000003fff140c                tcp_input_pcb
 COMMON         0x000000003fff1410       0x18 ./build/lwip.a(ip.o)
                0x000000003fff1410                ip_data
 COMMON         0x000000003fff1428       0x81 ./build/core.a(esp_interrupts.o)
                0x000000003fff1428                isr
                0x000000003fff14a8                esp_in_isr
 *fill*         0x000000003fff14a9        0x3 
 COMMON         0x000000003fff14ac       0x2d ./build/core.a(app_main.o)
                0x000000003fff14ac                sdk_info
                0x000000003fff14d0                sdk_xWatchDogTaskHandle
                0x000000003fff14d4                sdk_xUserTaskHandle
                0x000000003fff14d8                sdk_user_init_flag
 *fill*         0x000000003fff14d9        0x3 
 COMMON         0x000000003fff14dc       0x3c ./build/program.a(main.o)
                0x000000003fff14dc                wifi_alive
                0x000000003fff14e0                sem_data
                0x000000003fff14e4                data
                0x000000003fff1510                publish_queue
                0x000000003fff1514                sem_print_data
 COMMON         0x000000003fff1518       0x90 ./build/lwip.a(sockets.o)
                0x000000003fff1518                socket_ipv4_multicast_memberships
                0x000000003fff15a8                . = ALIGN (0x8)
                0x000000003fff15a8                _bss_end = ABSOLUTE (.)
                0x000000003fff15a8                _heap_start = ABSOLUTE (.)

.irom0.text     0x0000000040202010    0x3aab8
                0x0000000040202010                _irom0_text_start = ABSOLUTE (.)
 *(.literal .text .literal.* .text.* .rodata .rodata.*)
 .text.timer_tramp
                0x0000000040202010       0x17 ./build/open_esplibs_libmain.a(timers.o)
                                         0x1f (size before relaxing)
 *fill*         0x0000000040202027        0x1 
 .text.sdk_os_timer_setfn
                0x0000000040202028       0xac ./build/open_esplibs_libmain.a(timers.o)
                                         0xb8 (size before relaxing)
                0x0000000040202038                sdk_os_timer_setfn
 .text.sdk_os_timer_arm
                0x00000000402020d4       0xac ./build/open_esplibs_libmain.a(timers.o)
                                         0xd4 (size before relaxing)
                0x00000000402020e0                sdk_os_timer_arm
 .text.sdk_os_timer_disarm
                0x0000000040202180       0x27 ./build/open_esplibs_libmain.a(timers.o)
                                         0x37 (size before relaxing)
                0x0000000040202184                sdk_os_timer_disarm
 *fill*         0x00000000402021a7        0x1 
 .text.add_pending_timer
                0x00000000402021a8       0x9c ./build/open_esplibs_libmain.a(ets_timer.o)
 .text.timer_task
                0x0000000040202244       0xb9 ./build/open_esplibs_libmain.a(ets_timer.o)
                                         0xd5 (size before relaxing)
 *fill*         0x00000000402022fd        0x3 
 .text.sdk_ets_timer_arm_ms_us
                0x0000000040202300       0x69 ./build/open_esplibs_libmain.a(ets_timer.o)
                                         0x7d (size before relaxing)
                0x0000000040202308                sdk_ets_timer_arm_ms_us
 *fill*         0x0000000040202369        0x3 
 .text.sdk_ets_timer_arm
                0x000000004020236c       0x17 ./build/open_esplibs_libmain.a(ets_timer.o)
                                         0x1b (size before relaxing)
                0x000000004020236c                sdk_ets_timer_arm
 *fill*         0x0000000040202383        0x1 
 .text.sdk_ets_timer_disarm
                0x0000000040202384       0x50 ./build/open_esplibs_libmain.a(ets_timer.o)
                                         0x5c (size before relaxing)
                0x0000000040202384                sdk_ets_timer_disarm
 .text.sdk_ets_timer_init
                0x00000000402023d4       0xa8 ./build/open_esplibs_libmain.a(ets_timer.o)
                                         0xb8 (size before relaxing)
                0x00000000402023f0                sdk_ets_timer_init
 .text.sdk_os_update_cpu_frequency
                0x000000004020247c        0xb ./build/open_esplibs_libmain.a(misc.o)
                0x0000000040202480                sdk_os_update_cpu_frequency
                0x0000000040202480                sdk_ets_update_cpu_frequency
 *fill*         0x0000000040202487        0x1 
 .text.sdk_os_delay_us
                0x0000000040202488       0x33 ./build/open_esplibs_libmain.a(misc.o)
                                         0x3f (size before relaxing)
                0x0000000040202488                sdk_os_delay_us
                0x0000000040202488                sdk_ets_delay_us
 *fill*         0x00000000402024bb        0x1 
 .text.sdk_os_install_putc1
                0x00000000402024bc        0xb ./build/open_esplibs_libmain.a(misc.o)
                0x00000000402024c0                sdk_os_install_putc1
 *fill*         0x00000000402024c7        0x1 
 .text.sdk_gpio_output_set
                0x00000000402024c8       0x1d ./build/open_esplibs_libmain.a(misc.o)
                0x00000000402024cc                sdk_gpio_output_set
 *fill*         0x00000000402024e5        0x3 
 .text.sdk_rtc_get_reset_reason
                0x00000000402024e8       0x4a ./build/open_esplibs_libmain.a(misc.o)
                0x00000000402024f0                sdk_rtc_get_reset_reason
 *fill*         0x0000000040202532        0x2 
 .text._check_boot_version
                0x0000000040202534       0x3a ./build/open_esplibs_libmain.a(user_interface.o)
                                         0x3e (size before relaxing)
 *fill*         0x000000004020256e        0x2 
 .text.sdk_system_pp_recycle_rx_pkt
                0x0000000040202570        0xf ./build/open_esplibs_libmain.a(user_interface.o)
                                         0x17 (size before relaxing)
                0x0000000040202570                sdk_system_pp_recycle_rx_pkt
 *fill*         0x000000004020257f        0x1 
 .text.sdk_system_restart
                0x0000000040202580       0x53 ./build/open_esplibs_libmain.a(user_interface.o)
                                         0x7b (size before relaxing)
                0x000000004020258c                sdk_system_restart
 *fill*         0x00000000402025d3        0x1 
 .text.sdk_system_get_boot_version
                0x00000000402025d4        0xe ./build/open_esplibs_libmain.a(user_interface.o)
                                         0x12 (size before relaxing)
                0x00000000402025d4                sdk_system_get_boot_version
 *fill*         0x00000000402025e2        0x2 
 .text.sdk_system_get_test_result
                0x00000000402025e4       0x22 ./build/open_esplibs_libmain.a(user_interface.o)
                                         0x2e (size before relaxing)
                0x00000000402025e4                sdk_system_get_test_result
 *fill*         0x0000000040202606        0x2 
 .text.sdk_system_upgrade_userbin_check
                0x0000000040202608       0x40 ./build/open_esplibs_libmain.a(user_interface.o)
                                         0x44 (size before relaxing)
                0x0000000040202608                sdk_system_upgrade_userbin_check
 .text.sdk_system_get_userbin_addr
                0x0000000040202648       0x96 ./build/open_esplibs_libmain.a(user_interface.o)
                                         0x9e (size before relaxing)
                0x0000000040202658                sdk_system_get_userbin_addr
 *fill*         0x00000000402026de        0x2 
 .text.sdk_system_update_cpu_freq
                0x00000000402026e0       0x5d ./build/open_esplibs_libmain.a(user_interface.o)
                                         0x69 (size before relaxing)
                0x00000000402026e0                sdk_system_update_cpu_freq
 *fill*         0x000000004020273d        0x3 
 .text.sdk_system_get_cpu_freq
                0x0000000040202740       0x1a ./build/open_esplibs_libmain.a(user_interface.o)
                0x0000000040202744                sdk_system_get_cpu_freq
 *fill*         0x000000004020275a        0x2 
 .text.sdk_system_overclock
                0x000000004020275c       0x31 ./build/open_esplibs_libmain.a(user_interface.o)
                                         0x3d (size before relaxing)
                0x0000000040202760                sdk_system_overclock
 *fill*         0x000000004020278d        0x3 
 .text.sdk_system_restoreclock
                0x0000000040202790       0x33 ./build/open_esplibs_libmain.a(user_interface.o)
                                         0x43 (size before relaxing)
                0x0000000040202790                sdk_system_restoreclock
 *fill*         0x00000000402027c3        0x1 
 .text.sdk_system_station_got_ip_set
                0x00000000402027c4       0x8d ./build/open_esplibs_libmain.a(user_interface.o)
                                         0xa9 (size before relaxing)
                0x00000000402027cc                sdk_system_station_got_ip_set
 *fill*         0x0000000040202851        0x3 
 .text.sdk_wifi_station_get_connect_status
                0x0000000040202854       0x21 ./build/open_esplibs_libmain.a(user_interface.o)
                                         0x2d (size before relaxing)
                0x0000000040202854                sdk_wifi_station_get_connect_status
 *fill*         0x0000000040202875        0x3 
 .text.sdk_wifi_get_macaddr
                0x0000000040202878       0x67 ./build/open_esplibs_libmain.a(user_interface.o)
                                         0x73 (size before relaxing)
                0x0000000040202880                sdk_wifi_get_macaddr
 *fill*         0x00000000402028df        0x1 
 .text.sdk_ieee80211_hostap_attach
                0x00000000402028e0      0x19d ./build/open_esplibs_libnet80211.a(ieee80211_hostap.o)
                                        0x1fd (size before relaxing)
                0x0000000040202904                sdk_ieee80211_hostap_attach
 *fill*         0x0000000040202a7d        0x3 
 .text.sdk_wifi_softap_start
                0x0000000040202a80      0x16c ./build/open_esplibs_libnet80211.a(ieee80211_hostap.o)
                                        0x1c8 (size before relaxing)
                0x0000000040202aa4                sdk_wifi_softap_start
 .text.sdk_wifi_softap_stop
                0x0000000040202bec      0x13d ./build/open_esplibs_libnet80211.a(ieee80211_hostap.o)
                                        0x1b9 (size before relaxing)
                0x0000000040202bf0                sdk_wifi_softap_stop
 *fill*         0x0000000040202d29        0x3 
 .text.dhcp_if_down
                0x0000000040202d2c       0x23 ./build/open_esplibs_libnet80211.a(wl_cnx.o)
                                         0x3f (size before relaxing)
                0x0000000040202d2c                dhcp_if_down
 *fill*         0x0000000040202d4f        0x1 
 .text.sdk_cnx_rc_search
                0x0000000040202d50       0x62 ./build/open_esplibs_libnet80211.a(wl_cnx.o)
                                         0x66 (size before relaxing)
                0x0000000040202d54                sdk_cnx_rc_search
 *fill*         0x0000000040202db2        0x2 
 .text.sdk_cnx_add_rc
                0x0000000040202db4       0x7c ./build/open_esplibs_libnet80211.a(wl_cnx.o)
                                         0x80 (size before relaxing)
                0x0000000040202db4                sdk_cnx_add_rc
 .text.sdk_cnx_remove_rc
                0x0000000040202e30       0x9b ./build/open_esplibs_libnet80211.a(wl_cnx.o)
                                         0x9f (size before relaxing)
                0x0000000040202e34                sdk_cnx_remove_rc
 *fill*         0x0000000040202ecb        0x1 
 .text.sdk_cnx_node_remove
                0x0000000040202ecc       0x7c ./build/open_esplibs_libnet80211.a(wl_cnx.o)
                                         0x98 (size before relaxing)
                0x0000000040202ecc                sdk_cnx_node_remove
 .text.sdk_cnx_node_search
                0x0000000040202f48       0x66 ./build/open_esplibs_libnet80211.a(wl_cnx.o)
                                         0x6e (size before relaxing)
                0x0000000040202f48                sdk_cnx_node_search
 *fill*         0x0000000040202fae        0x2 
 .text.sdk_sta_status_set
                0x0000000040202fb0       0x42 ./build/open_esplibs_libnet80211.a(ieee80211_sta.o)
                                         0x46 (size before relaxing)
                0x0000000040202fb0                sdk_sta_status_set
 *fill*         0x0000000040202ff2        0x2 
 .text.sdk_wifi_station_start
                0x0000000040202ff4       0xa7 ./build/open_esplibs_libnet80211.a(ieee80211_sta.o)
                                         0xdf (size before relaxing)
                0x0000000040203004                sdk_wifi_station_start
 *fill*         0x000000004020309b        0x1 
 .text.sdk_wifi_station_stop
                0x000000004020309c       0x4b ./build/open_esplibs_libnet80211.a(ieee80211_sta.o)
                                         0x5b (size before relaxing)
                0x000000004020309c                sdk_wifi_station_stop
 *fill*         0x00000000402030e7        0x1 
 .text._ppz20   0x00000000402030e8        0x9 ./build/open_esplibs_libpp.a(pp.o)
                0x00000000402030ec                _ppz20
 *fill*         0x00000000402030f1        0x3 
 .text.sdk_wpa_config_assoc_ie
                0x00000000402030f4       0x17 ./build/open_esplibs_libwpa.a(wpa_main.o)
                                         0x1b (size before relaxing)
                0x00000000402030f4                sdk_wpa_config_assoc_ie
 *fill*         0x000000004020310b        0x1 
 .text.sdk_dhcp_bind_check
                0x000000004020310c       0x22 ./build/open_esplibs_libwpa.a(wpa_main.o)
                                         0x26 (size before relaxing)
                0x000000004020310c                sdk_dhcp_bind_check
 *fill*         0x000000004020312e        0x2 
 .text.wpa_callback2
                0x0000000040203130       0x33 ./build/open_esplibs_libwpa.a(wpa_main.o)
                                         0x47 (size before relaxing)
 *fill*         0x0000000040203163        0x1 
 .text.wpa_callback1
                0x0000000040203164       0x1b ./build/open_esplibs_libwpa.a(wpa_main.o)
                                         0x23 (size before relaxing)
 *fill*         0x000000004020317f        0x1 
 .text.sdk_wpa_config_profile
                0x0000000040203180       0x49 ./build/open_esplibs_libwpa.a(wpa_main.o)
                                         0x58 (size before relaxing)
                0x0000000040203180                sdk_wpa_config_profile
 *fill*         0x00000000402031c9        0x3 
 .text.sdk_wpa_config_bss
                0x00000000402031cc       0x2f ./build/open_esplibs_libwpa.a(wpa_main.o)
                                         0x37 (size before relaxing)
                0x00000000402031cc                sdk_wpa_config_bss
 *fill*         0x00000000402031fb        0x1 
 .text.sdk_eagle_auth_done
                0x00000000402031fc      0x109 ./build/open_esplibs_libwpa.a(wpa_main.o)
                                        0x18c (size before relaxing)
                0x0000000040203220                sdk_eagle_auth_done
 *fill*         0x0000000040203305        0x3 
 .text.sdk_wpa_neg_complete
                0x0000000040203308        0xf ./build/open_esplibs_libwpa.a(wpa_main.o)
                                         0x17 (size before relaxing)
                0x0000000040203308                sdk_wpa_neg_complete
 *fill*         0x0000000040203317        0x1 
 .text.sdk_wpa_attach
                0x0000000040203318       0x4f ./build/open_esplibs_libwpa.a(wpa_main.o)
                                         0x5f (size before relaxing)
                0x0000000040203330                sdk_wpa_attach
 *fill*         0x0000000040203367        0x1 
 .text.prvResetNextTaskUnblockTime
                0x0000000040203368       0x39 ./build/freertos.a(tasks.o)
 *fill*         0x00000000402033a1        0x3 
 .text.prvAddCurrentTaskToDelayedList
                0x00000000402033a4       0xa4 ./build/freertos.a(tasks.o)
                                         0xc4 (size before relaxing)
 .text.prvIdleTask
                0x0000000040203448       0x97 ./build/freertos.a(tasks.o)
                                         0xb3 (size before relaxing)
 *fill*         0x00000000402034df        0x1 
 .text.xTaskCreate
                0x00000000402034e0      0x23b ./build/freertos.a(tasks.o)
                                        0x2bf (size before relaxing)
                0x0000000040203508                xTaskCreate
 *fill*         0x000000004020371b        0x1 
 .text.vTaskDelete
                0x000000004020371c       0xd1 ./build/freertos.a(tasks.o)
                                        0x121 (size before relaxing)
                0x0000000040203724                vTaskDelete
 *fill*         0x00000000402037ed        0x3 
 .text.vTaskStartScheduler
                0x00000000402037f0       0xa0 ./build/freertos.a(tasks.o)
                                         0xd3 (size before relaxing)
                0x0000000040203808                vTaskStartScheduler
 *fill*         0x0000000040203890        0x0 
 .text.vTaskSuspendAll
                0x0000000040203890       0x11 ./build/freertos.a(tasks.o)
                                         0x15 (size before relaxing)
                0x0000000040203890                vTaskSuspendAll
 *fill*         0x00000000402038a1        0x3 
 .text.xTaskGetTickCount
                0x00000000402038a4       0x27 ./build/freertos.a(tasks.o)
                                         0x33 (size before relaxing)
                0x00000000402038a4                xTaskGetTickCount
 *fill*         0x00000000402038cb        0x1 
 .text.xTaskIncrementTick
                0x00000000402038cc      0x194 ./build/freertos.a(tasks.o)
                                        0x1cc (size before relaxing)
                0x00000000402038dc                xTaskIncrementTick
 .text.xTaskResumeAll
                0x0000000040203a60      0x105 ./build/freertos.a(tasks.o)
                                        0x15d (size before relaxing)
                0x0000000040203a64                xTaskResumeAll
 *fill*         0x0000000040203b65        0x3 
 .text.vTaskDelay
                0x0000000040203b68       0x50 ./build/freertos.a(tasks.o)
                                         0x74 (size before relaxing)
                0x0000000040203b68                vTaskDelay
 .text.vTaskSwitchContext
                0x0000000040203bb8       0xea ./build/freertos.a(tasks.o)
                                        0x10a (size before relaxing)
                0x0000000040203bc4                vTaskSwitchContext
 *fill*         0x0000000040203ca2        0x2 
 .text.vTaskPlaceOnEventList
                0x0000000040203ca4       0x41 ./build/freertos.a(tasks.o)
                                         0x5d (size before relaxing)
                0x0000000040203ca8                vTaskPlaceOnEventList
 *fill*         0x0000000040203ce5        0x3 
 .text.vTaskPlaceOnEventListRestricted
                0x0000000040203ce8       0x4a ./build/freertos.a(tasks.o)
                                         0x66 (size before relaxing)
                0x0000000040203cec                vTaskPlaceOnEventListRestricted
 *fill*         0x0000000040203d32        0x2 
 .text.xTaskRemoveFromEventList
                0x0000000040203d34       0x87 ./build/freertos.a(tasks.o)
                                         0xcb (size before relaxing)
                0x0000000040203d38                xTaskRemoveFromEventList
 *fill*         0x0000000040203dbb        0x1 
 .text.vTaskInternalSetTimeOutState
                0x0000000040203dbc       0x16 ./build/freertos.a(tasks.o)
                                         0x1e (size before relaxing)
                0x0000000040203dbc                vTaskInternalSetTimeOutState
 *fill*         0x0000000040203dd2        0x2 
 .text.xTaskCheckForTimeOut
                0x0000000040203dd4       0x99 ./build/freertos.a(tasks.o)
                                         0xb9 (size before relaxing)
                0x0000000040203ddc                xTaskCheckForTimeOut
 *fill*         0x0000000040203e6d        0x3 
 .text.vTaskMissedYield
                0x0000000040203e70        0xc ./build/freertos.a(tasks.o)
                                         0x10 (size before relaxing)
                0x0000000040203e70                vTaskMissedYield
 .text.uxTaskGetStackHighWaterMark
                0x0000000040203e7c       0x2c ./build/freertos.a(tasks.o)
                                         0x30 (size before relaxing)
                0x0000000040203e7c                uxTaskGetStackHighWaterMark
 .text.xTaskGetCurrentTaskHandle
                0x0000000040203ea8        0xa ./build/freertos.a(tasks.o)
                                          0xe (size before relaxing)
                0x0000000040203ea8                xTaskGetCurrentTaskHandle
 *fill*         0x0000000040203eb2        0x2 
 .text.xTaskGetSchedulerState
                0x0000000040203eb4       0x1e ./build/freertos.a(tasks.o)
                                         0x26 (size before relaxing)
                0x0000000040203eb4                xTaskGetSchedulerState
 *fill*         0x0000000040203ed2        0x2 
 .text.xTaskPriorityInherit
                0x0000000040203ed4       0xad ./build/freertos.a(tasks.o)
                                         0xc5 (size before relaxing)
                0x0000000040203ed4                xTaskPriorityInherit
 *fill*         0x0000000040203f81        0x3 
 .text.xTaskPriorityDisinherit
                0x0000000040203f84       0x92 ./build/freertos.a(tasks.o)
                                         0xba (size before relaxing)
                0x0000000040203f8c                xTaskPriorityDisinherit
 *fill*         0x0000000040204016        0x2 
 .text.vTaskPriorityDisinheritAfterTimeout
                0x0000000040204018       0xb3 ./build/freertos.a(tasks.o)
                                         0xd3 (size before relaxing)
                0x0000000040204020                vTaskPriorityDisinheritAfterTimeout
 *fill*         0x00000000402040cb        0x1 
 .text.pvTaskIncrementMutexHeldCount
                0x00000000402040cc       0x1f ./build/freertos.a(tasks.o)
                                         0x23 (size before relaxing)
                0x00000000402040cc                pvTaskIncrementMutexHeldCount
 *fill*         0x00000000402040eb        0x1 
 .text.xTaskNotifyWait
                0x00000000402040ec       0xdf ./build/freertos.a(tasks.o)
                                         0xff (size before relaxing)
                0x00000000402040ec                xTaskNotifyWait
 *fill*         0x00000000402041cb        0x1 
 .text.xTaskGenericNotifyFromISR
                0x00000000402041cc      0x139 ./build/freertos.a(tasks.o)
                                        0x17d (size before relaxing)
                0x00000000402041d8                xTaskGenericNotifyFromISR
 *fill*         0x0000000040204305        0x3 
 .text.prvCheckForValidListAndQueue
                0x0000000040204308       0x69 ./build/freertos.a(timers.o)
                                         0x89 (size before relaxing)
 *fill*         0x0000000040204371        0x3 
 .text.prvInsertTimerInActiveList
                0x0000000040204374       0x45 ./build/freertos.a(timers.o)
                                         0x59 (size before relaxing)
 *fill*         0x00000000402043b9        0x3 
 .text.xTimerCreateTimerTask
                0x00000000402043bc       0x49 ./build/freertos.a(timers.o)
                                         0x61 (size before relaxing)
                0x00000000402043cc                xTimerCreateTimerTask
 *fill*         0x0000000040204405        0x3 
 .text.xTimerCreate
                0x0000000040204408       0x59 ./build/freertos.a(timers.o)
                                         0x75 (size before relaxing)
                0x0000000040204408                xTimerCreate
 *fill*         0x0000000040204461        0x3 
 .text.xTimerGenericCommand
                0x0000000040204464       0x7f ./build/freertos.a(timers.o)
                                         0x9f (size before relaxing)
                0x0000000040204464                xTimerGenericCommand
 *fill*         0x00000000402044e3        0x1 
 .text.prvSwitchTimerLists
                0x00000000402044e4       0x80 ./build/freertos.a(timers.o)
                                         0xa6 (size before relaxing)
 *fill*         0x0000000040204564        0x0 
 .text.prvTimerTask
                0x0000000040204564      0x1bb ./build/freertos.a(timers.o)
                                        0x253 (size before relaxing)
 *fill*         0x000000004020471f        0x1 
 .text.pvTimerGetTimerID
                0x0000000040204720       0x2d ./build/freertos.a(timers.o)
                                         0x41 (size before relaxing)
                0x0000000040204720                pvTimerGetTimerID
 *fill*         0x000000004020474d        0x3 
 .text.vAssertCalled
                0x0000000040204750       0x22 ./build/freertos.a(port.o)
                                         0x26 (size before relaxing)
                0x0000000040204758                vAssertCalled
 *fill*         0x0000000040204772        0x2 
 .text.pxPortInitialiseStack
                0x0000000040204774       0x37 ./build/freertos.a(port.o)
                0x0000000040204778                pxPortInitialiseStack
 *fill*         0x00000000402047ab        0x1 
 .text.xPortSysTickHandle
                0x00000000402047ac       0x14 ./build/freertos.a(port.o)
                                         0x23 (size before relaxing)
                0x00000000402047ac                xPortSysTickHandle
 *fill*         0x00000000402047c0        0x0 
 .text.xPortStartScheduler
                0x00000000402047c0       0x7e ./build/freertos.a(port.o)
                                         0x8e (size before relaxing)
                0x00000000402047d4                xPortStartScheduler
 *fill*         0x000000004020483e        0x2 
 .text.xPortGetFreeHeapSize
                0x0000000040204840       0x28 ./build/freertos.a(port.o)
                                         0x38 (size before relaxing)
                0x0000000040204840                xPortGetFreeHeapSize
 .text.xTaskGenericCreate
                0x0000000040204868       0x15 ./build/freertos.a(port.o)
                                         0x19 (size before relaxing)
                0x0000000040204868                xTaskGenericCreate
 *fill*         0x000000004020487d        0x3 
 .text.xQueueGenericReceive
                0x0000000040204880       0x1e ./build/freertos.a(port.o)
                                         0x2d (size before relaxing)
                0x0000000040204884                xQueueGenericReceive
 *fill*         0x000000004020489e        0x2 
 .text.prvCopyDataToQueue
                0x00000000402048a0       0xa7 ./build/freertos.a(queue.o)
                                         0xb3 (size before relaxing)
 *fill*         0x0000000040204947        0x1 
 .text.prvCopyDataFromQueue
                0x0000000040204948       0x2b ./build/freertos.a(queue.o)
                                         0x2f (size before relaxing)
 *fill*         0x0000000040204973        0x1 
 .text.prvUnlockQueue
                0x0000000040204974       0xc4 ./build/freertos.a(queue.o)
                                         0xec (size before relaxing)
 .text.xQueueGenericReset
                0x0000000040204a38       0x8d ./build/freertos.a(queue.o)
                                         0xb5 (size before relaxing)
                0x0000000040204a3c                xQueueGenericReset
 *fill*         0x0000000040204ac5        0x3 
 .text.xQueueGenericCreate
                0x0000000040204ac8       0x6c ./build/freertos.a(queue.o)
                                         0x80 (size before relaxing)
                0x0000000040204ac8                xQueueGenericCreate
 .text.xQueueGenericSend
                0x0000000040204b34      0x183 ./build/freertos.a(queue.o)
                                        0x21f (size before relaxing)
                0x0000000040204b34                xQueueGenericSend
 *fill*         0x0000000040204cb7        0x1 
 .text.xQueueCreateMutex
                0x0000000040204cb8       0x31 ./build/freertos.a(queue.o)
                                         0x3d (size before relaxing)
                0x0000000040204cb8                xQueueCreateMutex
 *fill*         0x0000000040204ce9        0x3 
 .text.xQueueGiveMutexRecursive
                0x0000000040204cec       0x4b ./build/freertos.a(queue.o)
                                         0x5f (size before relaxing)
                0x0000000040204cec                xQueueGiveMutexRecursive
 *fill*         0x0000000040204d37        0x1 
 .text.xQueueGenericSendFromISR
                0x0000000040204d38       0xc3 ./build/freertos.a(queue.o)
                                         0xf3 (size before relaxing)
                0x0000000040204d38                xQueueGenericSendFromISR
 *fill*         0x0000000040204dfb        0x1 
 .text.xQueueReceive
                0x0000000040204dfc      0x179 ./build/freertos.a(queue.o)
                                        0x215 (size before relaxing)
                0x0000000040204dfc                xQueueReceive
 *fill*         0x0000000040204f75        0x3 
 .text.xQueueSemaphoreTake
                0x0000000040204f78      0x1d4 ./build/freertos.a(queue.o)
                                        0x28c (size before relaxing)
                0x0000000040204f78                xQueueSemaphoreTake
 .text.xQueueTakeMutexRecursive
                0x000000004020514c       0x53 ./build/freertos.a(queue.o)
                                         0x63 (size before relaxing)
                0x000000004020514c                xQueueTakeMutexRecursive
 *fill*         0x000000004020519f        0x1 
 .text.uxQueueMessagesWaiting
                0x00000000402051a0       0x30 ./build/freertos.a(queue.o)
                                         0x44 (size before relaxing)
                0x00000000402051a0                uxQueueMessagesWaiting
 .text.uxQueueMessagesWaitingFromISR
                0x00000000402051d0       0x26 ./build/freertos.a(queue.o)
                                         0x2e (size before relaxing)
                0x00000000402051d0                uxQueueMessagesWaitingFromISR
 *fill*         0x00000000402051f6        0x2 
 .text.vQueueDelete
                0x00000000402051f8       0x29 ./build/freertos.a(queue.o)
                                         0x35 (size before relaxing)
                0x00000000402051f8                vQueueDelete
 *fill*         0x0000000040205221        0x3 
 .text.vQueueWaitForMessageRestricted
                0x0000000040205224       0x6f ./build/freertos.a(queue.o)
                                         0x7f (size before relaxing)
                0x0000000040205224                vQueueWaitForMessageRestricted
 *fill*         0x0000000040205293        0x1 
 .text.sys_sem_new
                0x0000000040205294       0x41 ./build/lwip.a(sys_arch.o)
                                         0x4d (size before relaxing)
                0x0000000040205294                sys_sem_new
 *fill*         0x00000000402052d5        0x3 
 .text.sys_sem_free
                0x00000000402052d8       0x1e ./build/lwip.a(sys_arch.o)
                                         0x22 (size before relaxing)
                0x00000000402052d8                sys_sem_free
 *fill*         0x00000000402052f6        0x2 
 .text.sys_sem_signal
                0x00000000402052f8       0x17 ./build/lwip.a(sys_arch.o)
                                         0x1f (size before relaxing)
                0x00000000402052f8                sys_sem_signal
 *fill*         0x000000004020530f        0x1 
 .text.sys_arch_sem_wait
                0x0000000040205310       0x4c ./build/lwip.a(sys_arch.o)
                                         0x58 (size before relaxing)
                0x0000000040205310                sys_arch_sem_wait
 .text.sys_mutex_new
                0x000000004020535c       0x2b ./build/lwip.a(sys_arch.o)
                                         0x2f (size before relaxing)
                0x000000004020535c                sys_mutex_new
 *fill*         0x0000000040205387        0x1 
 .text.sys_mbox_new
                0x0000000040205388       0x2f ./build/lwip.a(sys_arch.o)
                                         0x33 (size before relaxing)
                0x0000000040205388                sys_mbox_new
 *fill*         0x00000000402053b7        0x1 
 .text.sys_mbox_free
                0x00000000402053b8       0x31 ./build/lwip.a(sys_arch.o)
                                         0x41 (size before relaxing)
                0x00000000402053bc                sys_mbox_free
 *fill*         0x00000000402053e9        0x3 
 .text.sys_mbox_trypost
                0x00000000402053ec       0x2b ./build/lwip.a(sys_arch.o)
                                         0x2f (size before relaxing)
                0x00000000402053ec                sys_mbox_trypost
 *fill*         0x0000000040205417        0x1 
 .text.sys_arch_mbox_fetch
                0x0000000040205418       0x4c ./build/lwip.a(sys_arch.o)
                                         0x60 (size before relaxing)
                0x0000000040205418                sys_arch_mbox_fetch
 .text.sys_arch_mbox_tryfetch
                0x0000000040205464       0x2f ./build/lwip.a(sys_arch.o)
                                         0x33 (size before relaxing)
                0x0000000040205464                sys_arch_mbox_tryfetch
 *fill*         0x0000000040205493        0x1 
 .text.sys_now  0x0000000040205494       0x15 ./build/lwip.a(sys_arch.o)
                                         0x1d (size before relaxing)
                0x0000000040205494                sys_now
 *fill*         0x00000000402054a9        0x3 
 .text.sys_thread_new
                0x00000000402054ac       0x2a ./build/lwip.a(sys_arch.o)
                                         0x2e (size before relaxing)
                0x00000000402054ac                sys_thread_new
 *fill*         0x00000000402054d6        0x2 
 .text.sys_arch_protect
                0x00000000402054d8       0x20 ./build/lwip.a(sys_arch.o)
                                         0x24 (size before relaxing)
                0x00000000402054dc                sys_arch_protect
 .text.sys_arch_unprotect
                0x00000000402054f8       0x2d ./build/lwip.a(sys_arch.o)
                                         0x39 (size before relaxing)
                0x00000000402054fc                sys_arch_unprotect
 *fill*         0x0000000040205525        0x3 
 .text.sys_lock_tcpip_core
                0x0000000040205528       0x43 ./build/lwip.a(sys_arch.o)
                                         0x4f (size before relaxing)
                0x0000000040205534                sys_lock_tcpip_core
 *fill*         0x000000004020556b        0x1 
 .text.sys_unlock_tcpip_core
                0x000000004020556c       0x2b ./build/lwip.a(sys_arch.o)
                                         0x3f (size before relaxing)
                0x000000004020556c                sys_unlock_tcpip_core
 *fill*         0x0000000040205597        0x1 
 .text.sys_mark_tcpip_thread
                0x0000000040205598       0x18 ./build/lwip.a(sys_arch.o)
                                         0x20 (size before relaxing)
                0x000000004020559c                sys_mark_tcpip_thread
 .text.sys_check_core_locking
                0x00000000402055b0       0x31 ./build/lwip.a(sys_arch.o)
                                         0x4c (size before relaxing)
                0x00000000402055b4                sys_check_core_locking
 *fill*         0x00000000402055e1        0x3 
 .text.low_level_output
                0x00000000402055e4       0x5e ./build/lwip.a(esp_interface.o)
                                         0x7a (size before relaxing)
 *fill*         0x0000000040205642        0x2 
 .text.pp_recycle_rx_pbuf
                0x0000000040205644       0x38 ./build/lwip.a(esp_interface.o)
                                         0x44 (size before relaxing)
                0x0000000040205648                pp_recycle_rx_pbuf
 .text.ooseq_bytes_limit
                0x000000004020567c        0x9 ./build/lwip.a(esp_interface.o)
                0x0000000040205680                ooseq_bytes_limit
 *fill*         0x0000000040205685        0x3 
 .text.ooseq_pbufs_limit
                0x0000000040205688       0x41 ./build/lwip.a(esp_interface.o)
                                         0x49 (size before relaxing)
                0x0000000040205688                ooseq_pbufs_limit
 *fill*         0x00000000402056c9        0x3 
 .text.ethernetif_input
                0x00000000402056cc       0x87 ./build/lwip.a(esp_interface.o)
                                         0x9e (size before relaxing)
                0x00000000402056d8                ethernetif_input
 *fill*         0x0000000040205753        0x1 
 .text.sdk_pbuf_alloc
                0x0000000040205754       0x33 ./build/lwip.a(esp_interface.o)
                                         0x3b (size before relaxing)
                0x0000000040205754                sdk_pbuf_alloc
 *fill*         0x0000000040205787        0x1 
 .text.ethernetif_init
                0x0000000040205788       0x34 ./build/lwip.a(esp_interface.o)
                0x0000000040205790                ethernetif_init
 .text.tcpip_thread
                0x00000000402057bc       0xb7 ./build/lwip.a(tcpip.o)
                                        0x10b (size before relaxing)
 *fill*         0x0000000040205873        0x1 
 .text.tcpip_inpkt
                0x0000000040205874       0x5b ./build/lwip.a(tcpip.o)
                                         0x77 (size before relaxing)
                0x0000000040205874                tcpip_inpkt
 *fill*         0x00000000402058cf        0x1 
 .text.tcpip_input
                0x00000000402058d0       0x34 ./build/lwip.a(tcpip.o)
                                         0x43 (size before relaxing)
                0x00000000402058d8                tcpip_input
 *fill*         0x0000000040205904        0x0 
 .text.tcpip_try_callback
                0x0000000040205904       0x51 ./build/lwip.a(tcpip.o)
                                         0x6d (size before relaxing)
                0x0000000040205904                tcpip_try_callback
 *fill*         0x0000000040205955        0x3 
 .text.tcpip_send_msg_wait_sem
                0x0000000040205958       0x25 ./build/lwip.a(tcpip.o)
                                         0x35 (size before relaxing)
                0x0000000040205958                tcpip_send_msg_wait_sem
 *fill*         0x000000004020597d        0x3 
 .text.tcpip_init
                0x0000000040205980       0x4c ./build/lwip.a(tcpip.o)
                                         0x78 (size before relaxing)
                0x0000000040205988                tcpip_init
 .text.mem_malloc
                0x00000000402059cc       0x25 ./build/lwip.a(mem.o)
                                         0x35 (size before relaxing)
                0x00000000402059cc                mem_malloc